// Jest Snapshot v1, https://goo.gl/fbAQLP

exports[`Button Component has to match snap 1`] = `
<button
  className="red"
  name="button"
  onClick={[Function]}
  type="button"
>
  1
</button>
`;
