// Jest Snapshot v1, https://goo.gl/fbAQLP

exports[`Quote Component has to match snap 1`] = `
<div>
  Mathematics is not about numbers, equations, computations, or algorithms: it is about understanding. â€“William Paul Thurston
</div>
`;
